total 200948
drwxr-x---   7 catheri4 catheri4       212 Aug  2 22:51 .
drwxrwxrwt 197 root     root         81920 Aug  2 22:55 ..
-rw-r-----   1 catheri4 catheri4   9063188 Aug  2 22:50 C4_val.bin
drwxr-x---   2 catheri4 catheri4        53 Aug  2 22:51 final-unsharded
-rw-r-----   1 catheri4 catheri4 196677395 Aug  2 22:50 final_rank0.pt
drwxr-x---   2 catheri4 catheri4        53 Aug  2 22:51 published-final-unsharded
drwxr-x---   2 catheri4 catheri4        53 Aug  2 22:51 step6000-unsharded
drwxr-x---   2 catheri4 catheri4        53 Aug  2 22:51 step7000-unsharded
drwxr-x---   2 catheri4 catheri4        53 Aug  2 22:51 step7500-unsharded
================================================================
  step6000  ->  step7000
================================================================

0/102 tensors are bit-identical between the two checkpoints

parameter                                                            shape        ||Δ||        ||W||        rel
lm_head.norm.weight                                                 (384,)   2.5372e-01   1.2928e+01  1.963e-02
blocks.0.attention.k_norm.weight                                    (384,)   5.9360e-01   2.1702e+01  2.735e-02
blocks.1.attention.k_norm.weight                                    (384,)   5.7464e-01   2.0350e+01  2.824e-02
blocks.1.attention.q_norm.weight                                    (384,)   6.4000e-01   2.0696e+01  3.092e-02
blocks.2.attention.q_norm.weight                                    (384,)   7.0055e-01   2.2643e+01  3.094e-02
blocks.2.attention.k_norm.weight                                    (384,)   7.4484e-01   2.1730e+01  3.428e-02
blocks.0.attention.q_norm.weight                                    (384,)   7.5795e-01   2.1558e+01  3.516e-02
blocks.5.attention.q_norm.weight                                    (384,)   7.9046e-01   1.9727e+01  4.007e-02
blocks.5.attention.k_norm.weight                                    (384,)   9.0778e-01   1.9391e+01  4.681e-02
blocks.8.feed_forward_norm.weight                                   (384,)   9.8644e-01   1.7784e+01  5.547e-02
blocks.3.attention.k_norm.weight                                    (384,)   1.0307e+00   1.8329e+01  5.623e-02
blocks.8.attention.k_norm.weight                                    (384,)   1.3086e+00   2.0480e+01  6.389e-02
blocks.3.attention.q_norm.weight                                    (384,)   1.1948e+00   1.8507e+01  6.456e-02
blocks.8.attention.q_norm.weight                                    (384,)   1.4038e+00   2.1458e+01  6.542e-02
blocks.0.attention_norm.weight                                      (384,)   5.3851e-01   8.1937e+00  6.572e-02
blocks.4.attention.k_norm.weight                                    (384,)   1.2568e+00   1.9005e+01  6.613e-02
blocks.6.attention.k_norm.weight                                    (384,)   1.3685e+00   2.0212e+01  6.771e-02
blocks.6.attention.q_norm.weight                                    (384,)   1.4118e+00   2.0795e+01  6.789e-02
blocks.7.attention.k_norm.weight                                    (384,)   1.4132e+00   2.0526e+01  6.885e-02
blocks.4.attention.q_norm.weight                                    (384,)   1.3867e+00   1.9585e+01  7.081e-02
blocks.8.attention_norm.weight                                      (384,)   1.0401e+00   1.4588e+01  7.130e-02
blocks.7.feed_forward_norm.weight                                   (384,)   8.2600e-01   1.0999e+01  7.510e-02
blocks.5.feed_forward_norm.weight                                   (384,)   5.4260e-01   7.0697e+00  7.675e-02
blocks.7.attention.q_norm.weight                                    (384,)   1.6044e+00   2.0893e+01  7.679e-02
blocks.3.feed_forward_norm.weight                                   (384,)   4.5459e-01   5.9087e+00  7.693e-02
blocks.6.attention_norm.weight                                      (384,)   1.2954e+00   1.5587e+01  8.310e-02
blocks.6.feed_forward_norm.weight                                   (384,)   7.7117e-01   8.8878e+00  8.677e-02
blocks.7.attention_norm.weight                                      (384,)   1.0321e+00   1.0305e+01  1.002e-01
blocks.4.feed_forward_norm.weight                                   (384,)   8.5439e-01   7.1292e+00  1.198e-01
blocks.4.attention_norm.weight                                      (384,)   1.0949e+00   9.1297e+00  1.199e-01
blocks.5.attention_norm.weight                                      (384,)   9.5783e-01   7.9602e+00  1.203e-01
blocks.2.feed_forward_norm.weight                                   (384,)   8.0849e-01   6.5317e+00  1.238e-01
blocks.2.attention_norm.weight                                      (384,)   1.2901e+00   1.0199e+01  1.265e-01
blocks.1.feed_forward_norm.weight                                   (384,)   7.8012e-01   6.1500e+00  1.268e-01
blocks.3.attention_norm.weight                                      (384,)   1.2363e+00   9.4639e+00  1.306e-01
blocks.0.feed_forward_norm.weight                                   (384,)   1.3074e+00   9.0315e+00  1.448e-01
blocks.1.attention_norm.weight                                      (384,)   1.2980e+00   8.9060e+00  1.457e-01
blocks.8.attention.w_v.weight                                   (384, 384)   8.1253e+00   4.9138e+01  1.654e-01
blocks.7.attention.w_v.weight                                   (384, 384)   7.9652e+00   4.6089e+01  1.728e-01
blocks.8.attention.w_out.weight                                 (384, 384)   8.1620e+00   4.5982e+01  1.775e-01
blocks.8.feed_forward.w2.weight                                (384, 1536)   8.5101e+00   4.6993e+01  1.811e-01
blocks.0.feed_forward.w2.weight                                (384, 1536)   8.5063e+00   4.5585e+01  1.866e-01
blocks.7.attention.w_out.weight                                 (384, 384)   8.3409e+00   4.3788e+01  1.905e-01
blocks.5.attention.w_out.weight                                 (384, 384)   8.6022e+00   4.4567e+01  1.930e-01
blocks.5.attention.w_v.weight                                   (384, 384)   8.3918e+00   4.3278e+01  1.939e-01
blocks.7.feed_forward.w2.weight                                (384, 1536)   9.2857e+00   4.7700e+01  1.947e-01
blocks.0.feed_forward.w3.weight                                (1536, 384)   1.8370e+01   9.3137e+01  1.972e-01
blocks.6.feed_forward.w2.weight                                (384, 1536)   9.4333e+00   4.7755e+01  1.975e-01
blocks.8.feed_forward.w3.weight                                (1536, 384)   1.7186e+01   8.6758e+01  1.981e-01
blocks.6.attention.w_v.weight                                   (384, 384)   8.9381e+00   4.4709e+01  1.999e-01
blocks.0.attention.w_out.weight                                 (384, 384)   7.8426e+00   3.9070e+01  2.007e-01
blocks.2.feed_forward.w2.weight                                (384, 1536)   9.3186e+00   4.6290e+01  2.013e-01
blocks.4.feed_forward.w2.weight                                (384, 1536)   9.4647e+00   4.6630e+01  2.030e-01
blocks.3.feed_forward.w2.weight                                (384, 1536)   9.5120e+00   4.6700e+01  2.037e-01
blocks.5.feed_forward.w2.weight                                (384, 1536)   9.6289e+00   4.7022e+01  2.048e-01
blocks.1.attention.w_out.weight                                 (384, 384)   8.2841e+00   4.0264e+01  2.057e-01
blocks.1.feed_forward.w2.weight                                (384, 1536)   9.4996e+00   4.6104e+01  2.060e-01
blocks.4.feed_forward.w3.weight                                (1536, 384)   1.8476e+01   8.9658e+01  2.061e-01
blocks.3.feed_forward.w3.weight                                (1536, 384)   1.8377e+01   8.8898e+01  2.067e-01
blocks.3.attention.w_v.weight                                   (384, 384)   8.3704e+00   4.0450e+01  2.069e-01
blocks.1.feed_forward.w3.weight                                (1536, 384)   1.9155e+01   9.2507e+01  2.071e-01
blocks.6.attention.w_out.weight                                 (384, 384)   8.5694e+00   4.1318e+01  2.074e-01
blocks.7.feed_forward.w3.weight                                (1536, 384)   1.8809e+01   9.0588e+01  2.076e-01
blocks.0.attention.w_v.weight                                   (384, 384)   7.9804e+00   3.8424e+01  2.077e-01
blocks.3.attention.w_out.weight                                 (384, 384)   8.2810e+00   3.9835e+01  2.079e-01
blocks.6.feed_forward.w3.weight                                (1536, 384)   1.8819e+01   9.0389e+01  2.082e-01
blocks.4.attention.w_v.weight                                   (384, 384)   8.9485e+00   4.2559e+01  2.103e-01
blocks.5.feed_forward.w3.weight                                (1536, 384)   1.8909e+01   8.9861e+01  2.104e-01
blocks.2.feed_forward.w3.weight                                (1536, 384)   1.9003e+01   9.0282e+01  2.105e-01
blocks.1.attention.w_v.weight                                   (384, 384)   8.7050e+00   4.1158e+01  2.115e-01
blocks.1.feed_forward.w1.weight                                (1536, 384)   1.9467e+01   9.1797e+01  2.121e-01
blocks.0.feed_forward.w1.weight                                (1536, 384)   1.9365e+01   9.0926e+01  2.130e-01
blocks.2.attention.w_v.weight                                   (384, 384)   9.5044e+00   4.3928e+01  2.164e-01
blocks.2.attention.w_out.weight                                 (384, 384)   9.4527e+00   4.3617e+01  2.167e-01
blocks.4.attention.w_out.weight                                 (384, 384)   9.0224e+00   4.1519e+01  2.173e-01
blocks.2.feed_forward.w1.weight                                (1536, 384)   1.9363e+01   8.8594e+01  2.186e-01
blocks.8.feed_forward.w1.weight                                (1536, 384)   1.8903e+01   8.2627e+01  2.288e-01
blocks.3.feed_forward.w1.weight                                (1536, 384)   1.9843e+01   8.6593e+01  2.291e-01
blocks.4.feed_forward.w1.weight                                (1536, 384)   2.0018e+01   8.6949e+01  2.302e-01
blocks.6.feed_forward.w1.weight                                (1536, 384)   2.0118e+01   8.5344e+01  2.357e-01
blocks.5.feed_forward.w1.weight                                (1536, 384)   2.0114e+01   8.4762e+01  2.373e-01
blocks.7.feed_forward.w1.weight                                (1536, 384)   1.9915e+01   8.3839e+01  2.375e-01
blocks.0.attention.w_k.weight                                   (384, 384)   8.1683e+00   3.2983e+01  2.477e-01
blocks.0.attention.w_q.weight                                   (384, 384)   8.6339e+00   3.3042e+01  2.613e-01
blocks.6.attention.w_k.weight                                   (384, 384)   8.6746e+00   3.2587e+01  2.662e-01
blocks.2.attention.w_k.weight                                   (384, 384)   9.1614e+00   3.4321e+01  2.669e-01
blocks.7.attention.w_k.weight                                   (384, 384)   1.0398e+01   3.8226e+01  2.720e-01
blocks.4.attention.w_k.weight                                   (384, 384)   1.0387e+01   3.8160e+01  2.722e-01
blocks.8.attention.w_k.weight                                   (384, 384)   1.0269e+01   3.7489e+01  2.739e-01
blocks.7.attention.w_q.weight                                   (384, 384)   1.0049e+01   3.6562e+01  2.748e-01
blocks.1.attention.w_q.weight                                   (384, 384)   1.1057e+01   3.9939e+01  2.769e-01
blocks.4.attention.w_q.weight                                   (384, 384)   1.0140e+01   3.5945e+01  2.821e-01
blocks.3.attention.w_q.weight                                   (384, 384)   1.0319e+01   3.6272e+01  2.845e-01
blocks.8.attention.w_q.weight                                   (384, 384)   1.0243e+01   3.5912e+01  2.852e-01
blocks.3.attention.w_k.weight                                   (384, 384)   1.0709e+01   3.7416e+01  2.862e-01
blocks.5.attention.w_q.weight                                   (384, 384)   1.0621e+01   3.7103e+01  2.863e-01
blocks.1.attention.w_k.weight                                   (384, 384)   1.1045e+01   3.8286e+01  2.885e-01
blocks.6.attention.w_q.weight                                   (384, 384)   9.3226e+00   3.1720e+01  2.939e-01
blocks.5.attention.w_k.weight                                   (384, 384)   1.1068e+01   3.7428e+01  2.957e-01
blocks.2.attention.w_q.weight                                   (384, 384)   9.9630e+00   3.3249e+01  2.997e-01
embeddings.weight                                            (100352, 384)   1.0156e+03   3.2731e+03  3.103e-01
lm_head.w_out.weight                                         (100352, 384)   6.6391e+02   1.1546e+03  5.750e-01

mean relative change, 2D hidden matrices (Muon group): 2.310e-01  [54 tensors]
mean relative change, everything else (AdamW group):   1.149e-01  [48 tensors]
================================================================
  step7000  ->  step7500
================================================================

0/102 tensors are bit-identical between the two checkpoints

parameter                                                            shape        ||Δ||        ||W||        rel
lm_head.norm.weight                                                 (384,)   1.8962e-01   1.3035e+01  1.455e-02
blocks.0.attention.k_norm.weight                                    (384,)   4.1238e-01   2.1736e+01  1.897e-02
blocks.1.attention.k_norm.weight                                    (384,)   4.2618e-01   2.0442e+01  2.085e-02
blocks.1.attention.q_norm.weight                                    (384,)   4.6023e-01   2.0808e+01  2.212e-02
blocks.0.attention.q_norm.weight                                    (384,)   4.9466e-01   2.1638e+01  2.286e-02
blocks.2.attention.q_norm.weight                                    (384,)   5.9372e-01   2.2704e+01  2.615e-02
blocks.2.attention.k_norm.weight                                    (384,)   6.1831e-01   2.1781e+01  2.839e-02
blocks.8.feed_forward_norm.weight                                   (384,)   5.2092e-01   1.7085e+01  3.049e-02
blocks.5.attention.q_norm.weight                                    (384,)   6.2691e-01   1.9789e+01  3.168e-02
blocks.5.attention.k_norm.weight                                    (384,)   6.4248e-01   1.9490e+01  3.296e-02
blocks.3.attention.q_norm.weight                                    (384,)   6.8328e-01   1.8510e+01  3.691e-02
blocks.8.attention.k_norm.weight                                    (384,)   7.7783e-01   2.0674e+01  3.762e-02
blocks.7.attention.k_norm.weight                                    (384,)   8.2516e-01   2.0774e+01  3.972e-02
blocks.5.feed_forward_norm.weight                                   (384,)   2.6516e-01   6.6437e+00  3.991e-02
blocks.8.attention_norm.weight                                      (384,)   5.5710e-01   1.3716e+01  4.062e-02
blocks.4.attention.k_norm.weight                                    (384,)   7.8365e-01   1.9135e+01  4.095e-02
blocks.7.feed_forward_norm.weight                                   (384,)   4.2754e-01   1.0276e+01  4.160e-02
blocks.3.attention.k_norm.weight                                    (384,)   7.6851e-01   1.8356e+01  4.187e-02
blocks.8.attention.q_norm.weight                                    (384,)   9.4617e-01   2.1740e+01  4.352e-02
blocks.7.attention.q_norm.weight                                    (384,)   1.0056e+00   2.1189e+01  4.746e-02
blocks.6.feed_forward_norm.weight                                   (384,)   3.9548e-01   8.2385e+00  4.800e-02
blocks.6.attention.k_norm.weight                                    (384,)   9.9827e-01   2.0450e+01  4.882e-02
blocks.4.attention.q_norm.weight                                    (384,)   9.8314e-01   1.9754e+01  4.977e-02
blocks.3.feed_forward_norm.weight                                   (384,)   2.7914e-01   5.5297e+00  5.048e-02
blocks.6.attention.q_norm.weight                                    (384,)   1.0672e+00   2.1083e+01  5.062e-02
blocks.7.attention_norm.weight                                      (384,)   4.7847e-01   9.4486e+00  5.064e-02
blocks.6.attention_norm.weight                                      (384,)   7.5999e-01   1.4988e+01  5.071e-02
blocks.4.feed_forward_norm.weight                                   (384,)   3.3104e-01   6.5202e+00  5.077e-02
blocks.5.attention_norm.weight                                      (384,)   4.0045e-01   7.3648e+00  5.437e-02
blocks.0.attention_norm.weight                                      (384,)   4.5790e-01   8.1214e+00  5.638e-02
blocks.0.feed_forward_norm.weight                                   (384,)   5.2354e-01   8.3348e+00  6.281e-02
blocks.2.feed_forward_norm.weight                                   (384,)   3.9376e-01   5.9781e+00  6.587e-02
blocks.3.attention_norm.weight                                      (384,)   5.8709e-01   8.8776e+00  6.613e-02
blocks.1.feed_forward_norm.weight                                   (384,)   3.7922e-01   5.6925e+00  6.662e-02
blocks.2.attention_norm.weight                                      (384,)   6.5530e-01   9.6273e+00  6.807e-02
blocks.4.attention_norm.weight                                      (384,)   6.0239e-01   8.6198e+00  6.988e-02
blocks.1.attention_norm.weight                                      (384,)   7.3690e-01   8.2218e+00  8.963e-02
blocks.8.attention.w_v.weight                                   (384, 384)   5.8822e+00   5.0937e+01  1.155e-01
blocks.7.attention.w_v.weight                                   (384, 384)   5.8052e+00   4.8149e+01  1.206e-01
blocks.0.feed_forward.w2.weight                                (384, 1536)   6.0553e+00   4.7788e+01  1.267e-01
blocks.8.feed_forward.w2.weight                                (384, 1536)   6.2075e+00   4.8754e+01  1.273e-01
blocks.8.attention.w_out.weight                                 (384, 384)   6.1111e+00   4.7688e+01  1.281e-01
blocks.5.attention.w_v.weight                                   (384, 384)   5.9999e+00   4.5410e+01  1.321e-01
blocks.0.feed_forward.w3.weight                                (1536, 384)   1.2928e+01   9.7577e+01  1.325e-01
blocks.5.attention.w_out.weight                                 (384, 384)   6.2090e+00   4.6706e+01  1.329e-01
blocks.7.attention.w_out.weight                                 (384, 384)   6.2490e+00   4.5755e+01  1.366e-01
blocks.6.attention.w_v.weight                                   (384, 384)   6.4686e+00   4.6861e+01  1.380e-01
blocks.3.attention.w_out.weight                                 (384, 384)   5.8446e+00   4.2326e+01  1.381e-01
blocks.8.feed_forward.w3.weight                                (1536, 384)   1.2654e+01   9.0724e+01  1.395e-01
blocks.7.feed_forward.w2.weight                                (384, 1536)   6.9153e+00   4.9561e+01  1.395e-01
blocks.0.attention.w_out.weight                                 (384, 384)   5.8279e+00   4.1416e+01  1.407e-01
blocks.3.attention.w_v.weight                                   (384, 384)   6.0141e+00   4.2667e+01  1.410e-01
blocks.6.feed_forward.w2.weight                                (384, 1536)   7.0350e+00   4.9589e+01  1.419e-01
blocks.1.attention.w_out.weight                                 (384, 384)   6.0825e+00   4.2846e+01  1.420e-01
blocks.4.attention.w_out.weight                                 (384, 384)   6.3028e+00   4.4196e+01  1.426e-01
blocks.4.attention.w_v.weight                                   (384, 384)   6.4285e+00   4.4768e+01  1.436e-01
blocks.6.attention.w_out.weight                                 (384, 384)   6.2151e+00   4.3174e+01  1.440e-01
blocks.2.feed_forward.w2.weight                                (384, 1536)   6.9931e+00   4.8251e+01  1.449e-01
blocks.2.attention.w_out.weight                                 (384, 384)   6.7288e+00   4.6379e+01  1.451e-01
blocks.3.feed_forward.w3.weight                                (1536, 384)   1.3493e+01   9.2895e+01  1.452e-01
blocks.4.feed_forward.w3.weight                                (1536, 384)   1.3615e+01   9.3681e+01  1.453e-01
blocks.4.feed_forward.w2.weight                                (384, 1536)   7.0963e+00   4.8460e+01  1.464e-01
blocks.1.attention.w_v.weight                                   (384, 384)   6.4003e+00   4.3681e+01  1.465e-01
blocks.3.feed_forward.w2.weight                                (384, 1536)   7.1447e+00   4.8605e+01  1.470e-01
blocks.6.feed_forward.w3.weight                                (1536, 384)   1.3872e+01   9.4303e+01  1.471e-01
blocks.7.feed_forward.w3.weight                                (1536, 384)   1.3911e+01   9.4522e+01  1.472e-01
blocks.1.feed_forward.w3.weight                                (1536, 384)   1.4221e+01   9.6616e+01  1.472e-01
blocks.0.attention.w_v.weight                                   (384, 384)   6.0207e+00   4.0714e+01  1.479e-01
blocks.5.feed_forward.w2.weight                                (384, 1536)   7.2485e+00   4.8881e+01  1.483e-01
blocks.5.feed_forward.w3.weight                                (1536, 384)   1.3928e+01   9.3810e+01  1.485e-01
blocks.0.feed_forward.w1.weight                                (1536, 384)   1.4160e+01   9.5000e+01  1.490e-01
blocks.2.feed_forward.w3.weight                                (1536, 384)   1.4072e+01   9.4357e+01  1.491e-01
blocks.1.feed_forward.w2.weight                                (384, 1536)   7.1960e+00   4.8122e+01  1.495e-01
blocks.2.attention.w_v.weight                                   (384, 384)   7.0903e+00   4.6210e+01  1.534e-01
blocks.1.feed_forward.w1.weight                                (1536, 384)   1.4808e+01   9.6197e+01  1.539e-01
blocks.2.feed_forward.w1.weight                                (1536, 384)   1.4864e+01   9.2635e+01  1.605e-01
blocks.3.feed_forward.w1.weight                                (1536, 384)   1.5260e+01   9.0663e+01  1.683e-01
blocks.4.feed_forward.w1.weight                                (1536, 384)   1.5437e+01   9.0866e+01  1.699e-01
blocks.8.feed_forward.w1.weight                                (1536, 384)   1.5014e+01   8.6343e+01  1.739e-01
blocks.5.feed_forward.w1.weight                                (1536, 384)   1.5672e+01   8.8519e+01  1.770e-01
blocks.6.feed_forward.w1.weight                                (1536, 384)   1.5857e+01   8.9045e+01  1.781e-01
blocks.7.feed_forward.w1.weight                                (1536, 384)   1.5805e+01   8.7357e+01  1.809e-01
blocks.0.attention.w_k.weight                                   (384, 384)   6.4945e+00   3.4925e+01  1.860e-01
blocks.0.attention.w_q.weight                                   (384, 384)   6.7854e+00   3.4897e+01  1.944e-01
blocks.4.attention.w_k.weight                                   (384, 384)   7.8128e+00   4.0127e+01  1.947e-01
blocks.7.attention.w_k.weight                                   (384, 384)   7.8584e+00   4.0247e+01  1.953e-01
blocks.1.attention.w_q.weight                                   (384, 384)   8.2362e+00   4.2042e+01  1.959e-01
blocks.8.attention.w_k.weight                                   (384, 384)   7.8960e+00   3.9421e+01  2.003e-01
blocks.3.attention.w_k.weight                                   (384, 384)   7.9721e+00   3.9309e+01  2.028e-01
blocks.7.attention.w_q.weight                                   (384, 384)   7.8574e+00   3.8512e+01  2.040e-01
blocks.1.attention.w_k.weight                                   (384, 384)   8.2505e+00   4.0336e+01  2.045e-01
blocks.3.attention.w_q.weight                                   (384, 384)   7.7718e+00   3.7963e+01  2.047e-01
blocks.4.attention.w_q.weight                                   (384, 384)   7.7668e+00   3.7808e+01  2.054e-01
blocks.5.attention.w_k.weight                                   (384, 384)   8.1686e+00   3.9440e+01  2.071e-01
blocks.5.attention.w_q.weight                                   (384, 384)   8.0763e+00   3.8965e+01  2.073e-01
blocks.6.attention.w_k.weight                                   (384, 384)   7.0833e+00   3.4017e+01  2.082e-01
blocks.2.attention.w_k.weight                                   (384, 384)   7.4970e+00   3.5812e+01  2.093e-01
blocks.8.attention.w_q.weight                                   (384, 384)   8.1136e+00   3.7836e+01  2.144e-01
embeddings.weight                                            (100352, 384)   7.6836e+02   3.4373e+03  2.235e-01
blocks.6.attention.w_q.weight                                   (384, 384)   7.6119e+00   3.3278e+01  2.287e-01
blocks.2.attention.w_q.weight                                   (384, 384)   7.9927e+00   3.4929e+01  2.288e-01
lm_head.w_out.weight                                         (100352, 384)   5.7903e+02   1.1571e+03  5.004e-01

mean relative change, 2D hidden matrices (Muon group): 1.670e-01  [54 tensors]
mean relative change, everything else (AdamW group):   7.568e-02  [48 tensors]
================================================================
  step7500  ->  final
================================================================

0/102 tensors are bit-identical between the two checkpoints

parameter                                                            shape        ||Δ||        ||W||        rel
lm_head.norm.weight                                                 (384,)   1.4609e-01   1.3091e+01  1.116e-02
blocks.0.attention.k_norm.weight                                    (384,)   2.5179e-01   2.1746e+01  1.158e-02
blocks.0.attention.q_norm.weight                                    (384,)   2.6925e-01   2.1718e+01  1.240e-02
blocks.8.feed_forward_norm.weight                                   (384,)   2.0978e-01   1.6743e+01  1.253e-02
blocks.1.attention.k_norm.weight                                    (384,)   3.2510e-01   2.0497e+01  1.586e-02
blocks.6.attention_norm.weight                                      (384,)   2.3378e-01   1.4658e+01  1.595e-02
blocks.8.attention_norm.weight                                      (384,)   2.2921e-01   1.3299e+01  1.724e-02
blocks.1.attention.q_norm.weight                                    (384,)   3.6025e-01   2.0872e+01  1.726e-02
blocks.2.attention.q_norm.weight                                    (384,)   4.0366e-01   2.2721e+01  1.777e-02
blocks.5.attention.q_norm.weight                                    (384,)   3.6567e-01   1.9811e+01  1.846e-02
blocks.8.attention.k_norm.weight                                    (384,)   4.0400e-01   2.0774e+01  1.945e-02
blocks.2.attention.k_norm.weight                                    (384,)   4.4083e-01   2.1766e+01  2.025e-02
blocks.7.feed_forward_norm.weight                                   (384,)   2.0675e-01   9.9348e+00  2.081e-02
blocks.0.attention_norm.weight                                      (384,)   1.7293e-01   8.0283e+00  2.154e-02
blocks.8.attention.q_norm.weight                                    (384,)   4.7776e-01   2.1886e+01  2.183e-02
blocks.4.attention_norm.weight                                      (384,)   1.8466e-01   8.4010e+00  2.198e-02
blocks.2.attention_norm.weight                                      (384,)   2.0745e-01   9.3963e+00  2.208e-02
blocks.5.attention.k_norm.weight                                    (384,)   4.3472e-01   1.9542e+01  2.225e-02
blocks.0.feed_forward_norm.weight                                   (384,)   1.8203e-01   8.0970e+00  2.248e-02
blocks.7.attention.q_norm.weight                                    (384,)   4.8387e-01   2.1288e+01  2.273e-02
blocks.7.attention_norm.weight                                      (384,)   2.1287e-01   9.1042e+00  2.338e-02
blocks.5.feed_forward_norm.weight                                   (384,)   1.5347e-01   6.4602e+00  2.376e-02
blocks.4.attention.q_norm.weight                                    (384,)   4.7408e-01   1.9852e+01  2.388e-02
blocks.6.attention.q_norm.weight                                    (384,)   5.2926e-01   2.1303e+01  2.484e-02
blocks.6.feed_forward_norm.weight                                   (384,)   1.9746e-01   7.9431e+00  2.486e-02
blocks.4.feed_forward_norm.weight                                   (384,)   1.6269e-01   6.2962e+00  2.584e-02
blocks.7.attention.k_norm.weight                                    (384,)   5.4091e-01   2.0882e+01  2.590e-02
blocks.4.attention.k_norm.weight                                    (384,)   5.1834e-01   1.9207e+01  2.699e-02
blocks.2.feed_forward_norm.weight                                   (384,)   1.5575e-01   5.7334e+00  2.716e-02
blocks.5.attention_norm.weight                                      (384,)   1.9404e-01   7.1423e+00  2.717e-02
blocks.3.attention.k_norm.weight                                    (384,)   4.9851e-01   1.8336e+01  2.719e-02
blocks.1.feed_forward_norm.weight                                   (384,)   1.4993e-01   5.5135e+00  2.719e-02
blocks.3.attention.q_norm.weight                                    (384,)   5.0737e-01   1.8523e+01  2.739e-02
blocks.3.attention_norm.weight                                      (384,)   2.4308e-01   8.6181e+00  2.821e-02
blocks.1.attention_norm.weight                                      (384,)   2.2245e-01   7.8614e+00  2.830e-02
blocks.3.feed_forward_norm.weight                                   (384,)   1.5195e-01   5.3365e+00  2.847e-02
blocks.6.attention.k_norm.weight                                    (384,)   6.5719e-01   2.0601e+01  3.190e-02
blocks.8.attention.w_v.weight                                   (384, 384)   3.5450e+00   5.1698e+01  6.857e-02
blocks.7.attention.w_v.weight                                   (384, 384)   3.5298e+00   4.9089e+01  7.191e-02
blocks.0.feed_forward.w2.weight                                (384, 1536)   3.7047e+00   4.8769e+01  7.596e-02
blocks.5.attention.w_v.weight                                   (384, 384)   3.5633e+00   4.6357e+01  7.687e-02
blocks.8.feed_forward.w2.weight                                (384, 1536)   3.8114e+00   4.9512e+01  7.698e-02
blocks.5.attention.w_out.weight                                 (384, 384)   3.6979e+00   4.7633e+01  7.763e-02
blocks.0.feed_forward.w3.weight                                (1536, 384)   7.8384e+00   9.9503e+01  7.878e-02
blocks.8.attention.w_out.weight                                 (384, 384)   3.8225e+00   4.8420e+01  7.894e-02
blocks.3.attention.w_out.weight                                 (384, 384)   3.4480e+00   4.3407e+01  7.943e-02
blocks.6.attention.w_v.weight                                   (384, 384)   3.8148e+00   4.7822e+01  7.977e-02
blocks.4.attention.w_out.weight                                 (384, 384)   3.6456e+00   4.5379e+01  8.034e-02
blocks.4.attention.w_v.weight                                   (384, 384)   3.7456e+00   4.5794e+01  8.179e-02
blocks.3.attention.w_v.weight                                   (384, 384)   3.6011e+00   4.3622e+01  8.255e-02
blocks.7.attention.w_out.weight                                 (384, 384)   3.8634e+00   4.6624e+01  8.286e-02
blocks.2.attention.w_out.weight                                 (384, 384)   3.9638e+00   4.7509e+01  8.343e-02
blocks.8.feed_forward.w3.weight                                (1536, 384)   7.7316e+00   9.2415e+01  8.366e-02
blocks.7.feed_forward.w2.weight                                (384, 1536)   4.2514e+00   5.0364e+01  8.441e-02
blocks.1.attention.w_out.weight                                 (384, 384)   3.7223e+00   4.3955e+01  8.468e-02
blocks.0.attention.w_out.weight                                 (384, 384)   3.6138e+00   4.2450e+01  8.513e-02
blocks.3.feed_forward.w3.weight                                (1536, 384)   8.0739e+00   9.4632e+01  8.532e-02
blocks.6.feed_forward.w2.weight                                (384, 1536)   4.3027e+00   5.0378e+01  8.541e-02
blocks.4.feed_forward.w3.weight                                (1536, 384)   8.1546e+00   9.5417e+01  8.546e-02
blocks.1.attention.w_v.weight                                   (384, 384)   3.8584e+00   4.4793e+01  8.614e-02
blocks.6.attention.w_out.weight                                 (384, 384)   3.7940e+00   4.3984e+01  8.626e-02
blocks.6.feed_forward.w3.weight                                (1536, 384)   8.3070e+00   9.5989e+01  8.654e-02
blocks.5.feed_forward.w3.weight                                (1536, 384)   8.3218e+00   9.5536e+01  8.711e-02
blocks.7.feed_forward.w3.weight                                (1536, 384)   8.3888e+00   9.6216e+01  8.719e-02
blocks.2.feed_forward.w2.weight                                (384, 1536)   4.3109e+00   4.9097e+01  8.780e-02
blocks.1.feed_forward.w3.weight                                (1536, 384)   8.6445e+00   9.8415e+01  8.784e-02
blocks.4.feed_forward.w2.weight                                (384, 1536)   4.3344e+00   4.9254e+01  8.800e-02
blocks.3.feed_forward.w2.weight                                (384, 1536)   4.3708e+00   4.9431e+01  8.842e-02
blocks.2.attention.w_v.weight                                   (384, 384)   4.1774e+00   4.7174e+01  8.855e-02
blocks.5.feed_forward.w2.weight                                (384, 1536)   4.4068e+00   4.9684e+01  8.870e-02
blocks.2.feed_forward.w3.weight                                (1536, 384)   8.5405e+00   9.6167e+01  8.881e-02
blocks.0.attention.w_v.weight                                   (384, 384)   3.7107e+00   4.1716e+01  8.895e-02
blocks.0.feed_forward.w1.weight                                (1536, 384)   8.6893e+00   9.6725e+01  8.984e-02
blocks.1.feed_forward.w2.weight                                (384, 1536)   4.4314e+00   4.8996e+01  9.044e-02
blocks.1.feed_forward.w1.weight                                (1536, 384)   9.1843e+00   9.8104e+01  9.362e-02
blocks.2.feed_forward.w1.weight                                (1536, 384)   9.2716e+00   9.4389e+01  9.823e-02
blocks.3.feed_forward.w1.weight                                (1536, 384)   9.4097e+00   9.2431e+01  1.018e-01
blocks.4.feed_forward.w1.weight                                (1536, 384)   9.5715e+00   9.2529e+01  1.034e-01
blocks.1.attention.w_q.weight                                   (384, 384)   4.6334e+00   4.2980e+01  1.078e-01
blocks.5.feed_forward.w1.weight                                (1536, 384)   9.7491e+00   9.0162e+01  1.081e-01
blocks.6.feed_forward.w1.weight                                (1536, 384)   9.9099e+00   9.0649e+01  1.093e-01
blocks.8.feed_forward.w1.weight                                (1536, 384)   9.6577e+00   8.7944e+01  1.098e-01
blocks.4.attention.w_k.weight                                   (384, 384)   4.5198e+00   4.0992e+01  1.103e-01
blocks.7.attention.w_k.weight                                   (384, 384)   4.5649e+00   4.1143e+01  1.109e-01
blocks.0.attention.w_k.weight                                   (384, 384)   3.9832e+00   3.5776e+01  1.113e-01
blocks.1.attention.w_k.weight                                   (384, 384)   4.6110e+00   4.1244e+01  1.118e-01
blocks.3.attention.w_k.weight                                   (384, 384)   4.4990e+00   4.0164e+01  1.120e-01
blocks.7.feed_forward.w1.weight                                (1536, 384)   1.0014e+01   8.8886e+01  1.127e-01
blocks.0.attention.w_q.weight                                   (384, 384)   4.0511e+00   3.5708e+01  1.135e-01
blocks.5.attention.w_k.weight                                   (384, 384)   4.5895e+00   4.0310e+01  1.139e-01
blocks.3.attention.w_q.weight                                   (384, 384)   4.4381e+00   3.8745e+01  1.145e-01
blocks.4.attention.w_q.weight                                   (384, 384)   4.4785e+00   3.8625e+01  1.160e-01
blocks.8.attention.w_k.weight                                   (384, 384)   4.6838e+00   4.0248e+01  1.164e-01
blocks.5.attention.w_q.weight                                   (384, 384)   4.6451e+00   3.9758e+01  1.168e-01
blocks.7.attention.w_q.weight                                   (384, 384)   4.6690e+00   3.9334e+01  1.187e-01
embeddings.weight                                            (100352, 384)   4.3268e+02   3.5114e+03  1.232e-01
blocks.8.attention.w_q.weight                                   (384, 384)   4.8533e+00   3.8683e+01  1.255e-01
blocks.2.attention.w_k.weight                                   (384, 384)   4.6435e+00   3.6511e+01  1.272e-01
blocks.6.attention.w_k.weight                                   (384, 384)   4.4620e+00   3.4641e+01  1.288e-01
blocks.2.attention.w_q.weight                                   (384, 384)   4.7870e+00   3.5682e+01  1.342e-01
blocks.6.attention.w_q.weight                                   (384, 384)   4.6913e+00   3.4002e+01  1.380e-01
lm_head.w_out.weight                                         (100352, 384)   3.8566e+02   1.1580e+03  3.331e-01

mean relative change, 2D hidden matrices (Muon group): 9.845e-02  [54 tensors]
mean relative change, everything else (AdamW group):   4.194e-02  [48 tensors]
